2026-09-30 12:45:23,830 - root - INFO - ********** Run 1 starts. **********
2026-09-30 12:45:23,831 - root - INFO - configuration is Namespace(dataset_name='tgbl-wiki', batch_size=200, model_name='DyGFormer', gpu=0, num_neighbors=20, sample_neighbor_strategy='recent', time_scaling_factor=1e-06, num_walk_heads=8, num_heads=2, num_layers=2, walk_length=1, time_gap=2000, time_feat_dim=100, position_feat_dim=172, output_dim=172, edge_bank_memory_mode='unlimited_memory', time_window_mode='fixed_proportion', patch_size=1, channel_embedding_dim=50, max_input_sequence_length=32, learning_rate=0.0001, dropout=0.1, num_epochs=100, optimizer='Adam', weight_decay=0.0, patience=20, num_runs=5, test_interval_epochs=10, load_best_configs=True, exp_name='base', device='cuda:0', seed=0, save_model_name='DyGFormer_seed0')
2026-09-30 12:45:24,069 - root - INFO - model -> Sequential(
  (0): DyGFormer(
    (time_encoder): TimeEncoder(
      (w): Linear(in_features=1, out_features=100, bias=True)
    )
    (neighbor_co_occurrence_encoder): NeighborCooccurrenceEncoder(
      (neighbor_co_occurrence_encode_layer): Sequential(
        (0): Linear(in_features=1, out_features=50, bias=True)
        (1): ReLU()
        (2): Linear(in_features=50, out_features=50, bias=True)
      )
    )
    (projection_layer): ModuleDict(
      (node): Linear(in_features=1, out_features=50, bias=True)
      (edge): Linear(in_features=172, out_features=50, bias=True)
      (time): Linear(in_features=100, out_features=50, bias=True)
      (neighbor_co_occurrence): Linear(in_features=50, out_features=50, bias=True)
    )
    (transformers): ModuleList(
      (0-1): 2 x TransformerEncoder(
        (multi_head_attention): MultiheadAttention(
          (out_proj): NonDynamicallyQuantizableLinear(in_features=200, out_features=200, bias=True)
        )
        (dropout): Dropout(p=0.1, inplace=False)
        (linear_layers): ModuleList(
          (0): Linear(in_features=200, out_features=800, bias=True)
          (1): Linear(in_features=800, out_features=200, bias=True)
        )
        (norm_layers): ModuleList(
          (0-1): 2 x LayerNorm((200,), eps=1e-05, elementwise_affine=True)
        )
      )
    )
    (output_layer): Linear(in_features=200, out_features=172, bias=True)
  )
  (1): MergeLayer(
    (fc1): Linear(in_features=344, out_features=172, bias=True)
    (fc2): Linear(in_features=172, out_features=1, bias=True)
    (act): ReLU()
  )
)
2026-09-30 12:45:24,070 - root - INFO - model name: DyGFormer, #parameters: 4313940 B, 4212.83203125 KB, 4.114093780517578 MB.
2026-09-30 12:59:24,320 - root - INFO - Epoch: 1, learning rate: 0.0001, train loss: 0.1789
2026-09-30 12:59:24,320 - root - INFO - train average_precision, 0.9754
2026-09-30 12:59:24,320 - root - INFO - train roc_auc, 0.9747
2026-09-30 12:59:24,325 - root - INFO - validate mrr, 0.7861
2026-09-30 12:59:24,327 - root - INFO - save model ./saved_models/DyGFormer/tgbl-wiki/base/DyGFormer_seed0/DyGFormer_seed0.pkl
2026-09-30 13:13:21,909 - root - INFO - Epoch: 2, learning rate: 0.0001, train loss: 0.1354
2026-09-30 13:13:21,909 - root - INFO - train average_precision, 0.9882
2026-09-30 13:13:21,909 - root - INFO - train roc_auc, 0.9864
2026-09-30 13:13:21,915 - root - INFO - validate mrr, 0.7889
2026-09-30 13:13:21,917 - root - INFO - save model ./saved_models/DyGFormer/tgbl-wiki/base/DyGFormer_seed0/DyGFormer_seed0.pkl
2026-09-30 13:27:21,956 - root - INFO - Epoch: 3, learning rate: 0.0001, train loss: 0.1347
2026-09-30 13:27:21,957 - root - INFO - train average_precision, 0.9882
2026-09-30 13:27:21,957 - root - INFO - train roc_auc, 0.9866
2026-09-30 13:27:21,963 - root - INFO - validate mrr, 0.7658
2026-09-30 13:41:19,218 - root - INFO - Epoch: 4, learning rate: 0.0001, train loss: 0.1272
2026-09-30 13:41:19,219 - root - INFO - train average_precision, 0.9895
2026-09-30 13:41:19,219 - root - INFO - train roc_auc, 0.9883
2026-09-30 13:41:19,225 - root - INFO - validate mrr, 0.7824
2026-09-30 13:55:18,193 - root - INFO - Epoch: 5, learning rate: 0.0001, train loss: 0.1232
2026-09-30 13:55:18,193 - root - INFO - train average_precision, 0.9901
2026-09-30 13:55:18,193 - root - INFO - train roc_auc, 0.9889
2026-09-30 13:55:18,200 - root - INFO - validate mrr, 0.7800
2026-09-30 14:09:15,820 - root - INFO - Epoch: 6, learning rate: 0.0001, train loss: 0.1221
2026-09-30 14:09:15,820 - root - INFO - train average_precision, 0.9901
2026-09-30 14:09:15,820 - root - INFO - train roc_auc, 0.9890
2026-09-30 14:09:15,825 - root - INFO - validate mrr, 0.7970
2026-09-30 14:09:15,827 - root - INFO - save model ./saved_models/DyGFormer/tgbl-wiki/base/DyGFormer_seed0/DyGFormer_seed0.pkl
2026-09-30 14:23:14,126 - root - INFO - Epoch: 7, learning rate: 0.0001, train loss: 0.1219
2026-09-30 14:23:14,127 - root - INFO - train average_precision, 0.9900
2026-09-30 14:23:14,127 - root - INFO - train roc_auc, 0.9892
2026-09-30 14:23:14,132 - root - INFO - validate mrr, 0.7999
2026-09-30 14:23:14,134 - root - INFO - save model ./saved_models/DyGFormer/tgbl-wiki/base/DyGFormer_seed0/DyGFormer_seed0.pkl
2026-09-30 14:37:11,096 - root - INFO - Epoch: 8, learning rate: 0.0001, train loss: 0.1200
2026-09-30 14:37:11,097 - root - INFO - train average_precision, 0.9905
2026-09-30 14:37:11,097 - root - INFO - train roc_auc, 0.9895
2026-09-30 14:37:11,103 - root - INFO - validate mrr, 0.8045
2026-09-30 14:37:11,105 - root - INFO - save model ./saved_models/DyGFormer/tgbl-wiki/base/DyGFormer_seed0/DyGFormer_seed0.pkl
2026-09-30 14:51:09,661 - root - INFO - Epoch: 9, learning rate: 0.0001, train loss: 0.1195
2026-09-30 14:51:09,661 - root - INFO - train average_precision, 0.9906
2026-09-30 14:51:09,661 - root - INFO - train roc_auc, 0.9897
2026-09-30 14:51:09,666 - root - INFO - validate mrr, 0.7981
2026-09-30 15:05:07,398 - root - INFO - Epoch: 10, learning rate: 0.0001, train loss: 0.1189
2026-09-30 15:05:07,398 - root - INFO - train average_precision, 0.9907
2026-09-30 15:05:07,398 - root - INFO - train roc_auc, 0.9898
2026-09-30 15:05:07,403 - root - INFO - validate mrr, 0.7995
2026-09-30 15:18:36,233 - root - INFO - test mrr, 0.7758
2026-09-30 15:32:33,088 - root - INFO - Epoch: 11, learning rate: 0.0001, train loss: 0.1183
2026-09-30 15:32:33,088 - root - INFO - train average_precision, 0.9905
2026-09-30 15:32:33,089 - root - INFO - train roc_auc, 0.9898
2026-09-30 15:32:33,093 - root - INFO - validate mrr, 0.8081
2026-09-30 15:32:33,095 - root - INFO - save model ./saved_models/DyGFormer/tgbl-wiki/base/DyGFormer_seed0/DyGFormer_seed0.pkl
2026-09-30 15:46:31,388 - root - INFO - Epoch: 12, learning rate: 0.0001, train loss: 0.1178
2026-09-30 15:46:31,388 - root - INFO - train average_precision, 0.9908
2026-09-30 15:46:31,388 - root - INFO - train roc_auc, 0.9900
2026-09-30 15:46:31,395 - root - INFO - validate mrr, 0.8031
2026-09-30 16:00:30,002 - root - INFO - Epoch: 13, learning rate: 0.0001, train loss: 0.1168
2026-09-30 16:00:30,003 - root - INFO - train average_precision, 0.9911
2026-09-30 16:00:30,003 - root - INFO - train roc_auc, 0.9901
2026-09-30 16:00:30,007 - root - INFO - validate mrr, 0.8056
2026-09-30 16:14:29,252 - root - INFO - Epoch: 14, learning rate: 0.0001, train loss: 0.1173
2026-09-30 16:14:29,253 - root - INFO - train average_precision, 0.9907
2026-09-30 16:14:29,253 - root - INFO - train roc_auc, 0.9900
2026-09-30 16:14:29,259 - root - INFO - validate mrr, 0.8109
2026-09-30 16:14:29,261 - root - INFO - save model ./saved_models/DyGFormer/tgbl-wiki/base/DyGFormer_seed0/DyGFormer_seed0.pkl
2026-09-30 16:28:27,935 - root - INFO - Epoch: 15, learning rate: 0.0001, train loss: 0.1157
2026-09-30 16:28:27,935 - root - INFO - train average_precision, 0.9910
2026-09-30 16:28:27,935 - root - INFO - train roc_auc, 0.9902
2026-09-30 16:28:27,940 - root - INFO - validate mrr, 0.8076
2026-09-30 16:42:28,057 - root - INFO - Epoch: 16, learning rate: 0.0001, train loss: 0.1158
2026-09-30 16:42:28,057 - root - INFO - train average_precision, 0.9910
2026-09-30 16:42:28,057 - root - INFO - train roc_auc, 0.9903
2026-09-30 16:42:28,064 - root - INFO - validate mrr, 0.8095
2026-09-30 16:56:27,845 - root - INFO - Epoch: 17, learning rate: 0.0001, train loss: 0.1157
2026-09-30 16:56:27,846 - root - INFO - train average_precision, 0.9910
2026-09-30 16:56:27,846 - root - INFO - train roc_auc, 0.9903
2026-09-30 16:56:27,852 - root - INFO - validate mrr, 0.8100
2026-09-30 17:10:28,779 - root - INFO - Epoch: 18, learning rate: 0.0001, train loss: 0.1151
2026-09-30 17:10:28,780 - root - INFO - train average_precision, 0.9913
2026-09-30 17:10:28,780 - root - INFO - train roc_auc, 0.9905
2026-09-30 17:10:28,786 - root - INFO - validate mrr, 0.8119
2026-09-30 17:10:28,788 - root - INFO - save model ./saved_models/DyGFormer/tgbl-wiki/base/DyGFormer_seed0/DyGFormer_seed0.pkl
2026-09-30 17:24:27,754 - root - INFO - Epoch: 19, learning rate: 0.0001, train loss: 0.1151
2026-09-30 17:24:27,754 - root - INFO - train average_precision, 0.9911
2026-09-30 17:24:27,754 - root - INFO - train roc_auc, 0.9904
2026-09-30 17:24:27,761 - root - INFO - validate mrr, 0.8092
2026-09-30 17:38:26,992 - root - INFO - Epoch: 20, learning rate: 0.0001, train loss: 0.1146
2026-09-30 17:38:26,992 - root - INFO - train average_precision, 0.9913
2026-09-30 17:38:26,992 - root - INFO - train roc_auc, 0.9905
2026-09-30 17:38:26,997 - root - INFO - validate mrr, 0.8101
2026-09-30 17:51:57,182 - root - INFO - test mrr, 0.7899
2026-09-30 18:05:56,680 - root - INFO - Epoch: 21, learning rate: 0.0001, train loss: 0.1141
2026-09-30 18:05:56,681 - root - INFO - train average_precision, 0.9913
2026-09-30 18:05:56,681 - root - INFO - train roc_auc, 0.9906
2026-09-30 18:05:56,688 - root - INFO - validate mrr, 0.8103
2026-09-30 18:19:58,192 - root - INFO - Epoch: 22, learning rate: 0.0001, train loss: 0.1134
2026-09-30 18:19:58,192 - root - INFO - train average_precision, 0.9916
2026-09-30 18:19:58,192 - root - INFO - train roc_auc, 0.9908
2026-09-30 18:19:58,198 - root - INFO - validate mrr, 0.8056
2026-09-30 18:33:58,195 - root - INFO - Epoch: 23, learning rate: 0.0001, train loss: 0.1125
2026-09-30 18:33:58,196 - root - INFO - train average_precision, 0.9916
2026-09-30 18:33:58,196 - root - INFO - train roc_auc, 0.9909
2026-09-30 18:33:58,201 - root - INFO - validate mrr, 0.8077
2026-09-30 18:47:56,671 - root - INFO - Epoch: 24, learning rate: 0.0001, train loss: 0.1127
2026-09-30 18:47:56,671 - root - INFO - train average_precision, 0.9916
2026-09-30 18:47:56,672 - root - INFO - train roc_auc, 0.9909
2026-09-30 18:47:56,678 - root - INFO - validate mrr, 0.8095
2026-09-30 19:01:54,921 - root - INFO - Epoch: 25, learning rate: 0.0001, train loss: 0.1127
2026-09-30 19:01:54,922 - root - INFO - train average_precision, 0.9914
2026-09-30 19:01:54,922 - root - INFO - train roc_auc, 0.9908
2026-09-30 19:01:54,927 - root - INFO - validate mrr, 0.8082
2026-09-30 19:15:54,665 - root - INFO - Epoch: 26, learning rate: 0.0001, train loss: 0.1130
2026-09-30 19:15:54,666 - root - INFO - train average_precision, 0.9914
2026-09-30 19:15:54,666 - root - INFO - train roc_auc, 0.9908
2026-09-30 19:15:54,671 - root - INFO - validate mrr, 0.8010
2026-09-30 19:29:53,532 - root - INFO - Epoch: 27, learning rate: 0.0001, train loss: 0.1125
2026-09-30 19:29:53,532 - root - INFO - train average_precision, 0.9914
2026-09-30 19:29:53,532 - root - INFO - train roc_auc, 0.9909
2026-09-30 19:29:53,539 - root - INFO - validate mrr, 0.8070
2026-09-30 19:43:51,948 - root - INFO - Epoch: 28, learning rate: 0.0001, train loss: 0.1109
2026-09-30 19:43:51,948 - root - INFO - train average_precision, 0.9917
2026-09-30 19:43:51,948 - root - INFO - train roc_auc, 0.9911
2026-09-30 19:43:51,955 - root - INFO - validate mrr, 0.8047
2026-09-30 19:57:51,087 - root - INFO - Epoch: 29, learning rate: 0.0001, train loss: 0.1119
2026-09-30 19:57:51,087 - root - INFO - train average_precision, 0.9916
2026-09-30 19:57:51,088 - root - INFO - train roc_auc, 0.9911
2026-09-30 19:57:51,094 - root - INFO - validate mrr, 0.8018
2026-09-30 20:11:50,431 - root - INFO - Epoch: 30, learning rate: 0.0001, train loss: 0.1105
2026-09-30 20:11:50,431 - root - INFO - train average_precision, 0.9918
2026-09-30 20:11:50,431 - root - INFO - train roc_auc, 0.9913
2026-09-30 20:11:50,436 - root - INFO - validate mrr, 0.8031
2026-09-30 20:25:19,510 - root - INFO - test mrr, 0.7817
2026-09-30 20:39:18,807 - root - INFO - Epoch: 31, learning rate: 0.0001, train loss: 0.1108
2026-09-30 20:39:18,808 - root - INFO - train average_precision, 0.9917
2026-09-30 20:39:18,808 - root - INFO - train roc_auc, 0.9912
2026-09-30 20:39:18,814 - root - INFO - validate mrr, 0.8024
2026-09-30 20:53:17,066 - root - INFO - Epoch: 32, learning rate: 0.0001, train loss: 0.1098
2026-09-30 20:53:17,067 - root - INFO - train average_precision, 0.9920
2026-09-30 20:53:17,067 - root - INFO - train roc_auc, 0.9914
2026-09-30 20:53:17,071 - root - INFO - validate mrr, 0.8068
2026-09-30 21:07:16,614 - root - INFO - Epoch: 33, learning rate: 0.0001, train loss: 0.1104
2026-09-30 21:07:16,614 - root - INFO - train average_precision, 0.9917
2026-09-30 21:07:16,614 - root - INFO - train roc_auc, 0.9913
2026-09-30 21:07:16,618 - root - INFO - validate mrr, 0.7985
2026-09-30 21:21:14,303 - root - INFO - Epoch: 34, learning rate: 0.0001, train loss: 0.1107
2026-09-30 21:21:14,304 - root - INFO - train average_precision, 0.9918
2026-09-30 21:21:14,304 - root - INFO - train roc_auc, 0.9914
2026-09-30 21:21:14,310 - root - INFO - validate mrr, 0.8054
2026-09-30 21:35:13,102 - root - INFO - Epoch: 35, learning rate: 0.0001, train loss: 0.1094
2026-09-30 21:35:13,103 - root - INFO - train average_precision, 0.9918
2026-09-30 21:35:13,103 - root - INFO - train roc_auc, 0.9914
2026-09-30 21:35:13,107 - root - INFO - validate mrr, 0.7963
2026-09-30 21:49:11,850 - root - INFO - Epoch: 36, learning rate: 0.0001, train loss: 0.1093
2026-09-30 21:49:11,850 - root - INFO - train average_precision, 0.9920
2026-09-30 21:49:11,850 - root - INFO - train roc_auc, 0.9916
2026-09-30 21:49:11,856 - root - INFO - validate mrr, 0.7962
2026-09-30 22:03:10,963 - root - INFO - Epoch: 37, learning rate: 0.0001, train loss: 0.1084
2026-09-30 22:03:10,964 - root - INFO - train average_precision, 0.9920
2026-09-30 22:03:10,964 - root - INFO - train roc_auc, 0.9917
2026-09-30 22:03:10,970 - root - INFO - validate mrr, 0.7958
2026-09-30 22:17:07,609 - root - INFO - Epoch: 38, learning rate: 0.0001, train loss: 0.1084
2026-09-30 22:17:07,609 - root - INFO - train average_precision, 0.9919
2026-09-30 22:17:07,609 - root - INFO - train roc_auc, 0.9915
2026-09-30 22:17:07,616 - root - INFO - validate mrr, 0.7953
2026-09-30 22:17:07,618 - root - INFO - load model ./saved_models/DyGFormer/tgbl-wiki/base/DyGFormer_seed0/DyGFormer_seed0.pkl
2026-09-30 22:17:07,629 - root - INFO - get final performance on dataset tgbl-wiki...
2026-09-30 22:43:59,603 - root - INFO - validate mrr, 0.8119
2026-09-30 22:43:59,608 - root - INFO - test mrr, 0.7911
2026-09-30 22:43:59,608 - root - INFO - Run 1 cost 35915.78 seconds.
